  Determining projects to restore...
  All projects are up-to-date for restore.
  DangFugBixs.Analyzers -> I:\unityVers\NhemDangFugBixs\NhemDangFugBixs.Tooling\Source~\DangFugBixs.Analyzers~\DangFugBixs.Analyzers\bin\Debug\netstandard2.0\NhemDangFugBixs.Analyzers.dll
  [UPM-Package] No Unity target found. Set NHEM_UNITY_PROJECT_ROOT env var, use LocalBuild.props, or place .nhem-deploy-target marker in your Unity project.
  DangFugBixs.Runtime -> I:\unityVers\NhemDangFugBixs\NhemDangFugBixs.Tooling\Source~\DangFugBixs.Runtime~\bin\Debug\netstandard2.1\NhemDangFugBixs.Runtime.dll
  [UPM-Package] No Unity target found. Set NHEM_UNITY_PROJECT_ROOT env var, use LocalBuild.props, or place .nhem-deploy-target marker in your Unity project.
  DangFugBixs.Analyzers.Sample -> I:\unityVers\NhemDangFugBixs\NhemDangFugBixs.Tooling\Source~\DangFugBixs.Analyzers~\DangFugBixs.Analyzers.Sample\bin\Debug\net9.0\DangFugBixs.Analyzers.Sample.dll
  [UPM-Package] No Unity target found. Set NHEM_UNITY_PROJECT_ROOT env var, use LocalBuild.props, or place .nhem-deploy-target marker in your Unity project.
  DangFugBixs.Analyzers.Tests -> I:\unityVers\NhemDangFugBixs\NhemDangFugBixs.Tooling\Source~\DangFugBixs.Analyzers~\DangFugBixs.Analyzers.Tests\bin\Debug\net9.0\DangFugBixs.Analyzers.Tests.dll
  DangFugBixs.Common -> I:\unityVers\NhemDangFugBixs\NhemDangFugBixs.Tooling\Source~\DangFugBixs.Common~\bin\Debug\netstandard2.1\DangFugBixs.Common.dll
  [UPM-Package] No Unity target found. Set NHEM_UNITY_PROJECT_ROOT env var, use LocalBuild.props, or place .nhem-deploy-target marker in your Unity project.
  [UPM-Package] No Unity target found. Set NHEM_UNITY_PROJECT_ROOT env var, use LocalBuild.props, or place .nhem-deploy-target marker in your Unity project.
  DangFugBixs.DiSmokeValidation -> I:\unityVers\NhemDangFugBixs\NhemDangFugBixs.Tooling\Source~\DangFugBixs.Tools~\DangFugBixs.DiSmokeValidation\bin\Debug\net10.0\DangFugBixs.DiSmokeValidation.dll
  [UPM-Package] No Unity target found. Set NHEM_UNITY_PROJECT_ROOT env var, use LocalBuild.props, or place .nhem-deploy-target marker in your Unity project.
I:\unityVers\NhemDangFugBixs\NhemDangFugBixs.Tooling\Source~\DangFugBixs.Generators~\DangFugBixs.Generators\Emitters\RegistrationEmitter.cs(16,48): warning CS8625: Cannot convert null literal to non-nullable reference type. [I:\unityVers\NhemDangFugBixs\NhemDangFugBixs.Tooling\Source~\DangFugBixs.Generators~\DangFugBixs.Generators\DangFugBixs.Generators.csproj]
I:\unityVers\NhemDangFugBixs\NhemDangFugBixs.Tooling\Source~\DangFugBixs.Generators~\DangFugBixs.Generators\StatGenerator.cs(22,50): warning CS8622: Nullability of reference types in type of parameter 'container' of 'void StatGenerator.Execute(SourceProductionContext context, StatContainerInfo container)' doesn't match the target delegate 'Action<SourceProductionContext, StatGenerator.StatContainerInfo?>' (possibly because of nullability attributes). [I:\unityVers\NhemDangFugBixs\NhemDangFugBixs.Tooling\Source~\DangFugBixs.Generators~\DangFugBixs.Generators\DangFugBixs.Generators.csproj]
I:\unityVers\NhemDangFugBixs\NhemDangFugBixs.Tooling\Source~\DangFugBixs.Generators~\DangFugBixs.Generators\Analyzers\ClassAnalyzer.cs(135,33): warning CS8629: Nullable value type may be null. [I:\unityVers\NhemDangFugBixs\NhemDangFugBixs.Tooling\Source~\DangFugBixs.Generators~\DangFugBixs.Generators\DangFugBixs.Generators.csproj]
I:\unityVers\NhemDangFugBixs\NhemDangFugBixs.Tooling\Source~\DangFugBixs.Generators~\DangFugBixs.Generators\Analyzers\ClassAnalyzer.cs(143,33): warning CS8629: Nullable value type may be null. [I:\unityVers\NhemDangFugBixs\NhemDangFugBixs.Tooling\Source~\DangFugBixs.Generators~\DangFugBixs.Generators\DangFugBixs.Generators.csproj]
I:\unityVers\NhemDangFugBixs\NhemDangFugBixs.Tooling\Source~\DangFugBixs.Generators~\DangFugBixs.Generators\VContainerAutoRegisterGenerator.cs(132,28): error CS0019: Operator '??' cannot be applied to operands of type 'ServiceInfo' and 'ServiceInfo' [I:\unityVers\NhemDangFugBixs\NhemDangFugBixs.Tooling\Source~\DangFugBixs.Generators~\DangFugBixs.Generators\DangFugBixs.Generators.csproj]
I:\unityVers\NhemDangFugBixs\NhemDangFugBixs.Tooling\Source~\DangFugBixs.Generators~\DangFugBixs.Generators\Emitters\ReportEmitter.cs(180,20): warning CS8603: Possible null reference return. [I:\unityVers\NhemDangFugBixs\NhemDangFugBixs.Tooling\Source~\DangFugBixs.Generators~\DangFugBixs.Generators\DangFugBixs.Generators.csproj]
I:\unityVers\NhemDangFugBixs\NhemDangFugBixs.Tooling\Source~\DangFugBixs.Generators~\DangFugBixs.Generators\Emitters\RegistrationEmitter.cs(240,20): warning CS8603: Possible null reference return. [I:\unityVers\NhemDangFugBixs\NhemDangFugBixs.Tooling\Source~\DangFugBixs.Generators~\DangFugBixs.Generators\DangFugBixs.Generators.csproj]
I:\unityVers\NhemDangFugBixs\NhemDangFugBixs.Tooling\Source~\DangFugBixs.Generators~\DangFugBixs.Generators\Diagnostics.cs(15,9): warning RS2008: Enable analyzer release tracking for the analyzer project containing rule 'ND104' (https://github.com/dotnet/roslyn-analyzers/blob/main/src/Microsoft.CodeAnalysis.Analyzers/ReleaseTrackingAnalyzers.Help.md) [I:\unityVers\NhemDangFugBixs\NhemDangFugBixs.Tooling\Source~\DangFugBixs.Generators~\DangFugBixs.Generators\DangFugBixs.Generators.csproj]
I:\unityVers\NhemDangFugBixs\NhemDangFugBixs.Tooling\Source~\DangFugBixs.Generators~\DangFugBixs.Generators\Diagnostics.cs(7,9): warning RS2008: Enable analyzer release tracking for the analyzer project containing rule 'ND999' (https://github.com/dotnet/roslyn-analyzers/blob/main/src/Microsoft.CodeAnalysis.Analyzers/ReleaseTrackingAnalyzers.Help.md) [I:\unityVers\NhemDangFugBixs\NhemDangFugBixs.Tooling\Source~\DangFugBixs.Generators~\DangFugBixs.Generators\DangFugBixs.Generators.csproj]
  DangFugBixs.Cli -> I:\unityVers\NhemDangFugBixs\NhemDangFugBixs.Tooling\Source~\DangFugBixs.Tools~\DangFugBixs.Cli\bin\Debug\net10.0\DangFugBixs.Cli.dll
  [UPM-Package] No Unity target found. Set NHEM_UNITY_PROJECT_ROOT env var, use LocalBuild.props, or place .nhem-deploy-target marker in your Unity project.
  DangFugBixs.DiSmokeValidation.Tests -> I:\unityVers\NhemDangFugBixs\NhemDangFugBixs.Tooling\Source~\DangFugBixs.Tools~\DangFugBixs.DiSmokeValidation.Tests\bin\Debug\net10.0\DangFugBixs.DiSmokeValidation.Tests.dll
  [UPM-Package] No Unity target found. Set NHEM_UNITY_PROJECT_ROOT env var, use LocalBuild.props, or place .nhem-deploy-target marker in your Unity project.

Build FAILED.

I:\unityVers\NhemDangFugBixs\NhemDangFugBixs.Tooling\Source~\DangFugBixs.Generators~\DangFugBixs.Generators\Emitters\RegistrationEmitter.cs(16,48): warning CS8625: Cannot convert null literal to non-nullable reference type. [I:\unityVers\NhemDangFugBixs\NhemDangFugBixs.Tooling\Source~\DangFugBixs.Generators~\DangFugBixs.Generators\DangFugBixs.Generators.csproj]
I:\unityVers\NhemDangFugBixs\NhemDangFugBixs.Tooling\Source~\DangFugBixs.Generators~\DangFugBixs.Generators\StatGenerator.cs(22,50): warning CS8622: Nullability of reference types in type of parameter 'container' of 'void StatGenerator.Execute(SourceProductionContext context, StatContainerInfo container)' doesn't match the target delegate 'Action<SourceProductionContext, StatGenerator.StatContainerInfo?>' (possibly because of nullability attributes). [I:\unityVers\NhemDangFugBixs\NhemDangFugBixs.Tooling\Source~\DangFugBixs.Generators~\DangFugBixs.Generators\DangFugBixs.Generators.csproj]
I:\unityVers\NhemDangFugBixs\NhemDangFugBixs.Tooling\Source~\DangFugBixs.Generators~\DangFugBixs.Generators\Analyzers\ClassAnalyzer.cs(135,33): warning CS8629: Nullable value type may be null. [I:\unityVers\NhemDangFugBixs\NhemDangFugBixs.Tooling\Source~\DangFugBixs.Generators~\DangFugBixs.Generators\DangFugBixs.Generators.csproj]
I:\unityVers\NhemDangFugBixs\NhemDangFugBixs.Tooling\Source~\DangFugBixs.Generators~\DangFugBixs.Generators\Analyzers\ClassAnalyzer.cs(143,33): warning CS8629: Nullable value type may be null. [I:\unityVers\NhemDangFugBixs\NhemDangFugBixs.Tooling\Source~\DangFugBixs.Generators~\DangFugBixs.Generators\DangFugBixs.Generators.csproj]
I:\unityVers\NhemDangFugBixs\NhemDangFugBixs.Tooling\Source~\DangFugBixs.Generators~\DangFugBixs.Generators\Emitters\ReportEmitter.cs(180,20): warning CS8603: Possible null reference return. [I:\unityVers\NhemDangFugBixs\NhemDangFugBixs.Tooling\Source~\DangFugBixs.Generators~\DangFugBixs.Generators\DangFugBixs.Generators.csproj]
I:\unityVers\NhemDangFugBixs\NhemDangFugBixs.Tooling\Source~\DangFugBixs.Generators~\DangFugBixs.Generators\Emitters\RegistrationEmitter.cs(240,20): warning CS8603: Possible null reference return. [I:\unityVers\NhemDangFugBixs\NhemDangFugBixs.Tooling\Source~\DangFugBixs.Generators~\DangFugBixs.Generators\DangFugBixs.Generators.csproj]
I:\unityVers\NhemDangFugBixs\NhemDangFugBixs.Tooling\Source~\DangFugBixs.Generators~\DangFugBixs.Generators\Diagnostics.cs(15,9): warning RS2008: Enable analyzer release tracking for the analyzer project containing rule 'ND104' (https://github.com/dotnet/roslyn-analyzers/blob/main/src/Microsoft.CodeAnalysis.Analyzers/ReleaseTrackingAnalyzers.Help.md) [I:\unityVers\NhemDangFugBixs\NhemDangFugBixs.Tooling\Source~\DangFugBixs.Generators~\DangFugBixs.Generators\DangFugBixs.Generators.csproj]
I:\unityVers\NhemDangFugBixs\NhemDangFugBixs.Tooling\Source~\DangFugBixs.Generators~\DangFugBixs.Generators\Diagnostics.cs(7,9): warning RS2008: Enable analyzer release tracking for the analyzer project containing rule 'ND999' (https://github.com/dotnet/roslyn-analyzers/blob/main/src/Microsoft.CodeAnalysis.Analyzers/ReleaseTrackingAnalyzers.Help.md) [I:\unityVers\NhemDangFugBixs\NhemDangFugBixs.Tooling\Source~\DangFugBixs.Generators~\DangFugBixs.Generators\DangFugBixs.Generators.csproj]
I:\unityVers\NhemDangFugBixs\NhemDangFugBixs.Tooling\Source~\DangFugBixs.Generators~\DangFugBixs.Generators\VContainerAutoRegisterGenerator.cs(132,28): error CS0019: Operator '??' cannot be applied to operands of type 'ServiceInfo' and 'ServiceInfo' [I:\unityVers\NhemDangFugBixs\NhemDangFugBixs.Tooling\Source~\DangFugBixs.Generators~\DangFugBixs.Generators\DangFugBixs.Generators.csproj]
    8 Warning(s)
    1 Error(s)

Time Elapsed 00:00:02.43
